
Parse error: syntax error, unexpected token "." in Command line code on line 1
